// Bun Snapshot v1, https://bun.sh/docs/test/snapshots

exports[`no curriculum: answers null and reads nothing else 1`] = `
{
  "io": [
    [
      "getTopicProgress",
      {
        "board": "aqa",
        "level": "gcse",
        "studentId": "student",
        "subject": "biology",
      },
    ],
  ],
  "result": null,
}
`;

exports[`first view by the student: seeds the baseline 1`] = `
{
  "io": [
    [
      "getTopicProgress",
      {
        "board": "aqa",
        "level": "gcse",
        "studentId": "student",
        "subject": "biology",
      },
    ],
    [
      "db",
      "GET",
      "student_program_plan",
      "?select=program_start%2Cexam_date%2Cpacing&student_id=eq.student&subject=eq.biology",
    ],
    [
      "getPlan",
      [
        "student",
        "biology",
        "2026-09-21",
      ],
    ],
    [
      "getDeliveryLedger",
      [
        "student",
        "biology",
        "2026-09-21",
      ],
    ],
    [
      "getSessionUserId",
    ],
    [
      "db",
      "POST",
      "student_program_plan",
      {
        "exam_date": "2027-06-07",
        "pacing": [
          {
            "endWeek": "2026-12-28",
            "startWeek": "2026-09-21",
            "title": "Topic t1",
            "topicId": "t1",
            "weeks": 15,
          },
          {
            "endWeek": "2027-02-15",
            "startWeek": "2027-01-04",
            "title": "Topic t2",
            "topicId": "t2",
            "weeks": 7,
          },
          {
            "endWeek": "2027-05-31",
            "startWeek": "2027-02-22",
            "title": "Topic t3",
            "topicId": "t3",
            "weeks": 15,
          },
        ],
        "program_start": "2026-09-21",
        "student_id": "student",
        "subject": "biology",
      },
    ],
  ],
  "result": {
    "backlog": [],
    "backlogByTopic": [],
    "bands": [
      {
        "endWeek": "2026-12-28",
        "pointsByWeek": {
          "2026-09-21": [
            {
              "code": "A1",
              "specPointId": "a1",
              "title": "Point a1",
              "weight": 1,
            },
          ],
          "2026-09-28": [
            {
              "code": "A2",
              "specPointId": "a2",
              "title": "Point a2",
              "weight": 2,
            },
          ],
          "2026-10-05": [
            {
              "code": "A3",
              "specPointId": "a3",
              "title": "Point a3",
              "weight": 1,
            },
          ],
        },
        "startWeek": "2026-09-21",
        "title": "Topic t1",
        "topicId": "t1",
        "weeks": 15,
      },
      {
        "endWeek": "2026-09-21",
        "kind": "revisit",
        "points": [
          {
            "code": "A1",
            "dueAt": "2026-09-15T09:00:00Z",
            "eligibleAt": "2026-09-15T09:00:00Z",
            "specPointId": "a1",
            "title": "Point a1",
            "weight": 1,
          },
        ],
        "startWeek": "2026-09-21",
        "title": "Topic t1",
        "topicId": "t1",
        "weeks": 1,
      },
      {
        "endWeek": "2026-10-12",
        "kind": "revisit",
        "points": [
          {
            "code": "A2",
            "dueAt": "2026-10-06T09:00:00Z",
            "eligibleAt": "2026-10-06T09:00:00Z",
            "specPointId": "a2",
            "title": "Point a2",
            "weight": 2,
          },
        ],
        "startWeek": "2026-10-12",
        "title": "Topic t1",
        "topicId": "t1",
        "weeks": 1,
      },
      {
        "endWeek": "2027-02-15",
        "pointsByWeek": {
          "2027-01-04": [
            {
              "code": "B1",
              "specPointId": "b1",
              "title": "Point b1",
              "weight": 1,
            },
          ],
          "2027-01-11": [
            {
              "code": "B2",
              "specPointId": "b2",
              "title": "Point b2",
              "weight": 1,
            },
          ],
        },
        "startWeek": "2027-01-04",
        "title": "Topic t2",
        "topicId": "t2",
        "weeks": 7,
      },
      {
        "endWeek": "2027-01-04",
        "kind": "revisit",
        "points": [
          {
            "code": "B1",
            "dueAt": "2026-09-28T09:00:00Z",
            "eligibleAt": "2026-09-28T09:00:00Z",
            "specPointId": "b1",
            "title": "Point b1",
            "weight": 1,
          },
        ],
        "startWeek": "2027-01-04",
        "title": "Topic t2",
        "topicId": "t2",
        "weeks": 1,
      },
      {
        "endWeek": "2027-05-31",
        "pointsByWeek": {
          "2027-02-22": [
            {
              "code": "C1",
              "specPointId": "c1",
              "title": "Point c1",
              "weight": 3,
            },
          ],
          "2027-03-01": [
            {
              "code": "C2",
              "specPointId": "c2",
              "title": "Point c2",
              "weight": 1,
            },
          ],
        },
        "startWeek": "2027-02-22",
        "title": "Topic t3",
        "topicId": "t3",
        "weeks": 15,
      },
    ],
    "baselineBands": [
      {
        "endWeek": "2026-12-28",
        "startWeek": "2026-09-21",
        "title": "Topic t1",
        "topicId": "t1",
        "weeks": 15,
      },
      {
        "endWeek": "2027-02-15",
        "startWeek": "2027-01-04",
        "title": "Topic t2",
        "topicId": "t2",
        "weeks": 7,
      },
      {
        "endWeek": "2027-05-31",
        "startWeek": "2027-02-22",
        "title": "Topic t3",
        "topicId": "t3",
        "weeks": 15,
      },
    ],
    "catchUpSchedule": {
      "assignedIds": [],
      "held": [],
      "weeks": {
        "2026-09-21": [],
      },
    },
    "changes": [],
    "completedPointIds": [],
    "coveredTopicIds": [
      "t1",
    ],
    "examDate": "2027-06-07",
    "focusLoad": {
      "backlogCount": 0,
      "backlogWeight": 0,
      "overloaded": false,
      "spine": 0.2702702702702703,
      "teachingWeeksShort": 0,
    },
    "inadmissible": [],
    "needsAck": false,
    "programStart": "2026-09-21",
    "progress": [
      {
        "assessment": {
          "assessable": 0,
          "assessed": 0,
          "state": "unassessable",
          "total": 3,
        },
        "masteryPct": 0,
        "points": [
          {
            "assessability": "assessed",
            "card": null,
            "code": "A1",
            "confidence": null,
            "dueAt": "2026-09-15T09:00:00Z",
            "eligibleAt": "2026-09-15T09:00:00Z",
            "homeworkScore": null,
            "id": "a1",
            "lastReviewedAt": "2026-09-01T09:00:00Z",
            "mastery": 0,
            "quizScore": null,
            "reps": 2,
            "retention": 0.8,
            "stability": null,
            "status": "learning",
            "title": "Point a1",
            "weight": 1,
          },
          {
            "assessability": "assessed",
            "card": null,
            "code": "A2",
            "confidence": null,
            "dueAt": "2026-10-06T09:00:00Z",
            "eligibleAt": "2026-10-06T09:00:00Z",
            "homeworkScore": null,
            "id": "a2",
            "lastReviewedAt": "2026-09-22T09:00:00Z",
            "mastery": 0,
            "quizScore": null,
            "reps": 2,
            "retention": 0.8,
            "stability": null,
            "status": "learning",
            "title": "Point a2",
            "weight": 2,
          },
          {
            "assessability": "unassessable",
            "card": null,
            "code": "A3",
            "confidence": null,
            "dueAt": null,
            "eligibleAt": null,
            "homeworkScore": null,
            "id": "a3",
            "lastReviewedAt": null,
            "mastery": 0,
            "quizScore": null,
            "reps": 0,
            "retention": null,
            "stability": null,
            "status": "new",
            "title": "Point a3",
            "weight": 1,
          },
        ],
        "practisedCount": 2,
        "settled": true,
        "title": "Topic t1",
        "topicId": "t1",
      },
      {
        "assessment": {
          "assessable": 0,
          "assessed": 0,
          "state": "unassessable",
          "total": 2,
        },
        "masteryPct": 0,
        "points": [
          {
            "assessability": "assessed",
            "card": null,
            "code": "B1",
            "confidence": null,
            "dueAt": "2026-09-28T09:00:00Z",
            "eligibleAt": "2026-09-28T09:00:00Z",
            "homeworkScore": null,
            "id": "b1",
            "lastReviewedAt": "2026-09-10T09:00:00Z",
            "mastery": 0,
            "quizScore": null,
            "reps": 2,
            "retention": 0.8,
            "stability": null,
            "status": "learning",
            "title": "Point b1",
            "weight": 1,
          },
          {
            "assessability": "unassessable",
            "card": null,
            "code": "B2",
            "confidence": null,
            "dueAt": null,
            "eligibleAt": null,
            "homeworkScore": null,
            "id": "b2",
            "lastReviewedAt": null,
            "mastery": 0,
            "quizScore": null,
            "reps": 0,
            "retention": null,
            "stability": null,
            "status": "new",
            "title": "Point b2",
            "weight": 1,
          },
        ],
        "practisedCount": 1,
        "settled": false,
        "title": "Topic t2",
        "topicId": "t2",
      },
      {
        "assessment": {
          "assessable": 0,
          "assessed": 0,
          "state": "unassessable",
          "total": 2,
        },
        "masteryPct": 0,
        "points": [
          {
            "assessability": "unassessable",
            "card": null,
            "code": "C1",
            "confidence": null,
            "dueAt": null,
            "eligibleAt": null,
            "homeworkScore": null,
            "id": "c1",
            "lastReviewedAt": null,
            "mastery": 0,
            "quizScore": null,
            "reps": 0,
            "retention": null,
            "stability": null,
            "status": "new",
            "title": "Point c1",
            "weight": 3,
          },
          {
            "assessability": "unassessable",
            "card": null,
            "code": "C2",
            "confidence": null,
            "dueAt": null,
            "eligibleAt": null,
            "homeworkScore": null,
            "id": "c2",
            "lastReviewedAt": null,
            "mastery": 0,
            "quizScore": null,
            "reps": 0,
            "retention": null,
            "stability": null,
            "status": "new",
            "title": "Point c2",
            "weight": 1,
          },
        ],
        "practisedCount": 0,
        "settled": false,
        "title": "Topic t3",
        "topicId": "t3",
      },
    ],
    "reviewBacklog": [],
    "unscheduledTopicTitles": [],
  },
}
`;

exports[`first view by someone else: answers the same but leaves no mark 1`] = `
{
  "io": [
    [
      "getTopicProgress",
      {
        "board": "aqa",
        "level": "gcse",
        "studentId": "student",
        "subject": "biology",
      },
    ],
    [
      "db",
      "GET",
      "student_program_plan",
      "?select=program_start%2Cexam_date%2Cpacing&student_id=eq.student&subject=eq.biology",
    ],
    [
      "getPlan",
      [
        "student",
        "biology",
        "2026-09-21",
      ],
    ],
    [
      "getDeliveryLedger",
      [
        "student",
        "biology",
        "2026-09-21",
      ],
    ],
    [
      "getSessionUserId",
    ],
  ],
  "result": {
    "backlog": [],
    "backlogByTopic": [],
    "bands": [
      {
        "endWeek": "2026-12-28",
        "pointsByWeek": {
          "2026-09-21": [
            {
              "code": "A1",
              "specPointId": "a1",
              "title": "Point a1",
              "weight": 1,
            },
          ],
          "2026-09-28": [
            {
              "code": "A2",
              "specPointId": "a2",
              "title": "Point a2",
              "weight": 2,
            },
          ],
          "2026-10-05": [
            {
              "code": "A3",
              "specPointId": "a3",
              "title": "Point a3",
              "weight": 1,
            },
          ],
        },
        "startWeek": "2026-09-21",
        "title": "Topic t1",
        "topicId": "t1",
        "weeks": 15,
      },
      {
        "endWeek": "2026-09-21",
        "kind": "revisit",
        "points": [
          {
            "code": "A1",
            "dueAt": "2026-09-15T09:00:00Z",
            "eligibleAt": "2026-09-15T09:00:00Z",
            "specPointId": "a1",
            "title": "Point a1",
            "weight": 1,
          },
        ],
        "startWeek": "2026-09-21",
        "title": "Topic t1",
        "topicId": "t1",
        "weeks": 1,
      },
      {
        "endWeek": "2026-10-12",
        "kind": "revisit",
        "points": [
          {
            "code": "A2",
            "dueAt": "2026-10-06T09:00:00Z",
            "eligibleAt": "2026-10-06T09:00:00Z",
            "specPointId": "a2",
            "title": "Point a2",
            "weight": 2,
          },
        ],
        "startWeek": "2026-10-12",
        "title": "Topic t1",
        "topicId": "t1",
        "weeks": 1,
      },
      {
        "endWeek": "2027-02-15",
        "pointsByWeek": {
          "2027-01-04": [
            {
              "code": "B1",
              "specPointId": "b1",
              "title": "Point b1",
              "weight": 1,
            },
          ],
          "2027-01-11": [
            {
              "code": "B2",
              "specPointId": "b2",
              "title": "Point b2",
              "weight": 1,
            },
          ],
        },
        "startWeek": "2027-01-04",
        "title": "Topic t2",
        "topicId": "t2",
        "weeks": 7,
      },
      {
        "endWeek": "2027-01-04",
        "kind": "revisit",
        "points": [
          {
            "code": "B1",
            "dueAt": "2026-09-28T09:00:00Z",
            "eligibleAt": "2026-09-28T09:00:00Z",
            "specPointId": "b1",
            "title": "Point b1",
            "weight": 1,
          },
        ],
        "startWeek": "2027-01-04",
        "title": "Topic t2",
        "topicId": "t2",
        "weeks": 1,
      },
      {
        "endWeek": "2027-05-31",
        "pointsByWeek": {
          "2027-02-22": [
            {
              "code": "C1",
              "specPointId": "c1",
              "title": "Point c1",
              "weight": 3,
            },
          ],
          "2027-03-01": [
            {
              "code": "C2",
              "specPointId": "c2",
              "title": "Point c2",
              "weight": 1,
            },
          ],
        },
        "startWeek": "2027-02-22",
        "title": "Topic t3",
        "topicId": "t3",
        "weeks": 15,
      },
    ],
    "baselineBands": [
      {
        "endWeek": "2026-12-28",
        "startWeek": "2026-09-21",
        "title": "Topic t1",
        "topicId": "t1",
        "weeks": 15,
      },
      {
        "endWeek": "2027-02-15",
        "startWeek": "2027-01-04",
        "title": "Topic t2",
        "topicId": "t2",
        "weeks": 7,
      },
      {
        "endWeek": "2027-05-31",
        "startWeek": "2027-02-22",
        "title": "Topic t3",
        "topicId": "t3",
        "weeks": 15,
      },
    ],
    "catchUpSchedule": {
      "assignedIds": [],
      "held": [],
      "weeks": {
        "2026-09-21": [],
      },
    },
    "changes": [],
    "completedPointIds": [],
    "coveredTopicIds": [
      "t1",
    ],
    "examDate": "2027-06-07",
    "focusLoad": {
      "backlogCount": 0,
      "backlogWeight": 0,
      "overloaded": false,
      "spine": 0.2702702702702703,
      "teachingWeeksShort": 0,
    },
    "inadmissible": [],
    "needsAck": false,
    "programStart": "2026-09-21",
    "progress": [
      {
        "assessment": {
          "assessable": 0,
          "assessed": 0,
          "state": "unassessable",
          "total": 3,
        },
        "masteryPct": 0,
        "points": [
          {
            "assessability": "assessed",
            "card": null,
            "code": "A1",
            "confidence": null,
            "dueAt": "2026-09-15T09:00:00Z",
            "eligibleAt": "2026-09-15T09:00:00Z",
            "homeworkScore": null,
            "id": "a1",
            "lastReviewedAt": "2026-09-01T09:00:00Z",
            "mastery": 0,
            "quizScore": null,
            "reps": 2,
            "retention": 0.8,
            "stability": null,
            "status": "learning",
            "title": "Point a1",
            "weight": 1,
          },
          {
            "assessability": "assessed",
            "card": null,
            "code": "A2",
            "confidence": null,
            "dueAt": "2026-10-06T09:00:00Z",
            "eligibleAt": "2026-10-06T09:00:00Z",
            "homeworkScore": null,
            "id": "a2",
            "lastReviewedAt": "2026-09-22T09:00:00Z",
            "mastery": 0,
            "quizScore": null,
            "reps": 2,
            "retention": 0.8,
            "stability": null,
            "status": "learning",
            "title": "Point a2",
            "weight": 2,
          },
          {
            "assessability": "unassessable",
            "card": null,
            "code": "A3",
            "confidence": null,
            "dueAt": null,
            "eligibleAt": null,
            "homeworkScore": null,
            "id": "a3",
            "lastReviewedAt": null,
            "mastery": 0,
            "quizScore": null,
            "reps": 0,
            "retention": null,
            "stability": null,
            "status": "new",
            "title": "Point a3",
            "weight": 1,
          },
        ],
        "practisedCount": 2,
        "settled": true,
        "title": "Topic t1",
        "topicId": "t1",
      },
      {
        "assessment": {
          "assessable": 0,
          "assessed": 0,
          "state": "unassessable",
          "total": 2,
        },
        "masteryPct": 0,
        "points": [
          {
            "assessability": "assessed",
            "card": null,
            "code": "B1",
            "confidence": null,
            "dueAt": "2026-09-28T09:00:00Z",
            "eligibleAt": "2026-09-28T09:00:00Z",
            "homeworkScore": null,
            "id": "b1",
            "lastReviewedAt": "2026-09-10T09:00:00Z",
            "mastery": 0,
            "quizScore": null,
            "reps": 2,
            "retention": 0.8,
            "stability": null,
            "status": "learning",
            "title": "Point b1",
            "weight": 1,
          },
          {
            "assessability": "unassessable",
            "card": null,
            "code": "B2",
            "confidence": null,
            "dueAt": null,
            "eligibleAt": null,
            "homeworkScore": null,
            "id": "b2",
            "lastReviewedAt": null,
            "mastery": 0,
            "quizScore": null,
            "reps": 0,
            "retention": null,
            "stability": null,
            "status": "new",
            "title": "Point b2",
            "weight": 1,
          },
        ],
        "practisedCount": 1,
        "settled": false,
        "title": "Topic t2",
        "topicId": "t2",
      },
      {
        "assessment": {
          "assessable": 0,
          "assessed": 0,
          "state": "unassessable",
          "total": 2,
        },
        "masteryPct": 0,
        "points": [
          {
            "assessability": "unassessable",
            "card": null,
            "code": "C1",
            "confidence": null,
            "dueAt": null,
            "eligibleAt": null,
            "homeworkScore": null,
            "id": "c1",
            "lastReviewedAt": null,
            "mastery": 0,
            "quizScore": null,
            "reps": 0,
            "retention": null,
            "stability": null,
            "status": "new",
            "title": "Point c1",
            "weight": 3,
          },
          {
            "assessability": "unassessable",
            "card": null,
            "code": "C2",
            "confidence": null,
            "dueAt": null,
            "eligibleAt": null,
            "homeworkScore": null,
            "id": "c2",
            "lastReviewedAt": null,
            "mastery": 0,
            "quizScore": null,
            "reps": 0,
            "retention": null,
            "stability": null,
            "status": "new",
            "title": "Point c2",
            "weight": 1,
          },
        ],
        "practisedCount": 0,
        "settled": false,
        "title": "Topic t3",
        "topicId": "t3",
      },
    ],
    "reviewBacklog": [],
    "unscheduledTopicTitles": [],
  },
}
`;

exports[`acknowledged baseline, nothing saved this week 1`] = `
{
  "io": [
    [
      "getTopicProgress",
      {
        "board": "aqa",
        "level": "gcse",
        "studentId": "student",
        "subject": "biology",
      },
    ],
    [
      "db",
      "GET",
      "student_program_plan",
      "?select=program_start%2Cexam_date%2Cpacing&student_id=eq.student&subject=eq.biology",
    ],
    [
      "getPlan",
      [
        "student",
        "biology",
        "2026-09-21",
      ],
    ],
    [
      "getDeliveryLedger",
      [
        "student",
        "biology",
        "2026-09-21",
      ],
    ],
  ],
  "result": {
    "backlog": [],
    "backlogByTopic": [],
    "bands": [
      {
        "endWeek": "2026-12-21",
        "pointsByWeek": {
          "2026-09-07": [
            {
              "code": "A1",
              "specPointId": "a1",
              "title": "Point a1",
              "weight": 1,
            },
          ],
          "2026-09-14": [
            {
              "code": "A2",
              "specPointId": "a2",
              "title": "Point a2",
              "weight": 2,
            },
          ],
          "2026-09-21": [
            {
              "code": "A3",
              "specPointId": "a3",
              "title": "Point a3",
              "weight": 1,
            },
          ],
        },
        "startWeek": "2026-09-07",
        "title": "Topic t1",
        "topicId": "t1",
        "weeks": 16,
      },
      {
        "endWeek": "2026-09-21",
        "kind": "revisit",
        "points": [
          {
            "code": "A1",
            "dueAt": "2026-09-15T09:00:00Z",
            "eligibleAt": "2026-09-15T09:00:00Z",
            "specPointId": "a1",
            "title": "Point a1",
            "weight": 1,
          },
        ],
        "startWeek": "2026-09-21",
        "title": "Topic t1",
        "topicId": "t1",
        "weeks": 1,
      },
      {
        "endWeek": "2026-10-12",
        "kind": "revisit",
        "points": [
          {
            "code": "A2",
            "dueAt": "2026-10-06T09:00:00Z",
            "eligibleAt": "2026-10-06T09:00:00Z",
            "specPointId": "a2",
            "title": "Point a2",
            "weight": 2,
          },
        ],
        "startWeek": "2026-10-12",
        "title": "Topic t1",
        "topicId": "t1",
        "weeks": 1,
      },
      {
        "endWeek": "2027-02-15",
        "pointsByWeek": {
          "2026-12-28": [
            {
              "code": "B1",
              "specPointId": "b1",
              "title": "Point b1",
              "weight": 1,
            },
          ],
          "2027-01-04": [
            {
              "code": "B2",
              "specPointId": "b2",
              "title": "Point b2",
              "weight": 1,
            },
          ],
        },
        "startWeek": "2026-12-28",
        "title": "Topic t2",
        "topicId": "t2",
        "weeks": 8,
      },
      {
        "endWeek": "2026-12-28",
        "kind": "revisit",
        "points": [
          {
            "code": "B1",
            "dueAt": "2026-09-28T09:00:00Z",
            "eligibleAt": "2026-09-28T09:00:00Z",
            "specPointId": "b1",
            "title": "Point b1",
            "weight": 1,
          },
        ],
        "startWeek": "2026-12-28",
        "title": "Topic t2",
        "topicId": "t2",
        "weeks": 1,
      },
      {
        "endWeek": "2027-05-31",
        "pointsByWeek": {
          "2027-02-22": [
            {
              "code": "C1",
              "specPointId": "c1",
              "title": "Point c1",
              "weight": 3,
            },
          ],
          "2027-03-01": [
            {
              "code": "C2",
              "specPointId": "c2",
              "title": "Point c2",
              "weight": 1,
            },
          ],
        },
        "startWeek": "2027-02-22",
        "title": "Topic t3",
        "topicId": "t3",
        "weeks": 15,
      },
    ],
    "baselineBands": [
      {
        "endWeek": "2026-12-21",
        "startWeek": "2026-09-07",
        "title": "Topic t1",
        "topicId": "t1",
        "weeks": 16,
      },
      {
        "endWeek": "2027-02-15",
        "startWeek": "2026-12-28",
        "title": "Topic t2",
        "topicId": "t2",
        "weeks": 8,
      },
      {
        "endWeek": "2027-05-31",
        "startWeek": "2027-02-22",
        "title": "Topic t3",
        "topicId": "t3",
        "weeks": 15,
      },
    ],
    "catchUpSchedule": {
      "assignedIds": [],
      "held": [],
      "weeks": {
        "2026-09-21": [],
      },
    },
    "changes": [],
    "completedPointIds": [
      "a3",
    ],
    "coveredTopicIds": [
      "t1",
    ],
    "examDate": "2027-06-07",
    "focusLoad": {
      "backlogCount": 0,
      "backlogWeight": 0,
      "overloaded": false,
      "spine": 0.2564102564102564,
      "teachingWeeksShort": 0,
    },
    "inadmissible": [],
    "needsAck": false,
    "programStart": "2026-09-07",
    "progress": [
      {
        "assessment": {
          "assessable": 0,
          "assessed": 0,
          "state": "unassessable",
          "total": 3,
        },
        "masteryPct": 0,
        "points": [
          {
            "assessability": "assessed",
            "card": null,
            "code": "A1",
            "confidence": null,
            "dueAt": "2026-09-15T09:00:00Z",
            "eligibleAt": "2026-09-15T09:00:00Z",
            "homeworkScore": null,
            "id": "a1",
            "lastReviewedAt": "2026-09-01T09:00:00Z",
            "mastery": 0,
            "quizScore": null,
            "reps": 2,
            "retention": 0.8,
            "stability": null,
            "status": "learning",
            "title": "Point a1",
            "weight": 1,
          },
          {
            "assessability": "assessed",
            "card": null,
            "code": "A2",
            "confidence": null,
            "dueAt": "2026-10-06T09:00:00Z",
            "eligibleAt": "2026-10-06T09:00:00Z",
            "homeworkScore": null,
            "id": "a2",
            "lastReviewedAt": "2026-09-22T09:00:00Z",
            "mastery": 0,
            "quizScore": null,
            "reps": 2,
            "retention": 0.8,
            "stability": null,
            "status": "learning",
            "title": "Point a2",
            "weight": 2,
          },
          {
            "assessability": "unassessable",
            "card": null,
            "code": "A3",
            "confidence": null,
            "dueAt": null,
            "eligibleAt": null,
            "homeworkScore": null,
            "id": "a3",
            "lastReviewedAt": null,
            "mastery": 0,
            "quizScore": null,
            "reps": 0,
            "retention": null,
            "stability": null,
            "status": "new",
            "title": "Point a3",
            "weight": 1,
          },
        ],
        "practisedCount": 2,
        "settled": true,
        "title": "Topic t1",
        "topicId": "t1",
      },
      {
        "assessment": {
          "assessable": 0,
          "assessed": 0,
          "state": "unassessable",
          "total": 2,
        },
        "masteryPct": 0,
        "points": [
          {
            "assessability": "assessed",
            "card": null,
            "code": "B1",
            "confidence": null,
            "dueAt": "2026-09-28T09:00:00Z",
            "eligibleAt": "2026-09-28T09:00:00Z",
            "homeworkScore": null,
            "id": "b1",
            "lastReviewedAt": "2026-09-10T09:00:00Z",
            "mastery": 0,
            "quizScore": null,
            "reps": 2,
            "retention": 0.8,
            "stability": null,
            "status": "learning",
            "title": "Point b1",
            "weight": 1,
          },
          {
            "assessability": "unassessable",
            "card": null,
            "code": "B2",
            "confidence": null,
            "dueAt": null,
            "eligibleAt": null,
            "homeworkScore": null,
            "id": "b2",
            "lastReviewedAt": null,
            "mastery": 0,
            "quizScore": null,
            "reps": 0,
            "retention": null,
            "stability": null,
            "status": "new",
            "title": "Point b2",
            "weight": 1,
          },
        ],
        "practisedCount": 1,
        "settled": false,
        "title": "Topic t2",
        "topicId": "t2",
      },
      {
        "assessment": {
          "assessable": 0,
          "assessed": 0,
          "state": "unassessable",
          "total": 2,
        },
        "masteryPct": 0,
        "points": [
          {
            "assessability": "unassessable",
            "card": null,
            "code": "C1",
            "confidence": null,
            "dueAt": null,
            "eligibleAt": null,
            "homeworkScore": null,
            "id": "c1",
            "lastReviewedAt": null,
            "mastery": 0,
            "quizScore": null,
            "reps": 0,
            "retention": null,
            "stability": null,
            "status": "new",
            "title": "Point c1",
            "weight": 3,
          },
          {
            "assessability": "unassessable",
            "card": null,
            "code": "C2",
            "confidence": null,
            "dueAt": null,
            "eligibleAt": null,
            "homeworkScore": null,
            "id": "c2",
            "lastReviewedAt": null,
            "mastery": 0,
            "quizScore": null,
            "reps": 0,
            "retention": null,
            "stability": null,
            "status": "new",
            "title": "Point c2",
            "weight": 1,
          },
        ],
        "practisedCount": 0,
        "settled": false,
        "title": "Topic t3",
        "topicId": "t3",
      },
    ],
    "reviewBacklog": [],
    "unscheduledTopicTitles": [],
  },
}
`;

exports[`saved week: owns its reviews, reports withheld points, narrows the backlog 1`] = `
{
  "io": [
    [
      "getTopicProgress",
      {
        "board": "aqa",
        "level": "gcse",
        "studentId": "student",
        "subject": "biology",
      },
    ],
    [
      "db",
      "GET",
      "student_program_plan",
      "?select=program_start%2Cexam_date%2Cpacing&student_id=eq.student&subject=eq.biology",
    ],
    [
      "getPlan",
      [
        "student",
        "biology",
        "2026-09-21",
      ],
    ],
    [
      "getDeliveryLedger",
      [
        "student",
        "biology",
        "2026-09-21",
      ],
    ],
  ],
  "result": {
    "backlog": [],
    "backlogByTopic": [],
    "bands": [
      {
        "endWeek": "2026-10-19",
        "pointsByWeek": {
          "2026-06-01": [
            {
              "code": "A1",
              "specPointId": "a1",
              "title": "Point a1",
              "weight": 1,
            },
          ],
          "2026-06-08": [
            {
              "code": "A2",
              "specPointId": "a2",
              "title": "Point a2",
              "weight": 2,
            },
          ],
          "2026-06-15": [
            {
              "code": "A3",
              "specPointId": "a3",
              "title": "Point a3",
              "weight": 1,
            },
          ],
        },
        "startWeek": "2026-06-01",
        "title": "Topic t1",
        "topicId": "t1",
        "weeks": 21,
      },
      {
        "endWeek": "2026-09-21",
        "kind": "revisit",
        "points": [
          {
            "code": "B1",
            "specPointId": "b1",
            "title": "Point b1",
          },
        ],
        "startWeek": "2026-09-21",
        "title": "Topic t2",
        "topicId": "t2",
        "weeks": 1,
      },
      {
        "endWeek": "2026-09-21",
        "kind": "revisit",
        "points": [
          {
            "code": "A1",
            "specPointId": "a1",
            "title": "Point a1",
          },
        ],
        "startWeek": "2026-09-21",
        "title": "Topic t1",
        "topicId": "t1",
        "weeks": 1,
      },
      {
        "endWeek": "2026-10-12",
        "kind": "revisit",
        "points": [
          {
            "code": "A2",
            "dueAt": "2026-10-06T09:00:00Z",
            "eligibleAt": "2026-10-06T09:00:00Z",
            "specPointId": "a2",
            "title": "Point a2",
            "weight": 2,
          },
        ],
        "startWeek": "2026-10-12",
        "title": "Topic t1",
        "topicId": "t1",
        "weeks": 1,
      },
      {
        "endWeek": "2027-01-04",
        "pointsByWeek": {
          "2026-10-26": [
            {
              "code": "B1",
              "specPointId": "b1",
              "title": "Point b1",
              "weight": 1,
            },
          ],
          "2026-11-02": [
            {
              "code": "B2",
              "specPointId": "b2",
              "title": "Point b2",
              "weight": 1,
            },
          ],
        },
        "startWeek": "2026-10-26",
        "title": "Topic t2",
        "topicId": "t2",
        "weeks": 11,
      },
      {
        "endWeek": "2027-05-31",
        "pointsByWeek": {
          "2027-01-11": [
            {
              "code": "C1",
              "specPointId": "c1",
              "title": "Point c1",
              "weight": 3,
            },
          ],
          "2027-01-18": [
            {
              "code": "C2",
              "specPointId": "c2",
              "title": "Point c2",
              "weight": 1,
            },
          ],
        },
        "startWeek": "2027-01-11",
        "title": "Topic t3",
        "topicId": "t3",
        "weeks": 21,
      },
    ],
    "baselineBands": [
      {
        "endWeek": "2026-10-19",
        "startWeek": "2026-06-01",
        "title": "Topic t1",
        "topicId": "t1",
        "weeks": 21,
      },
      {
        "endWeek": "2027-01-04",
        "startWeek": "2026-10-26",
        "title": "Topic t2",
        "topicId": "t2",
        "weeks": 11,
      },
      {
        "endWeek": "2027-05-31",
        "startWeek": "2027-01-11",
        "title": "Topic t3",
        "topicId": "t3",
        "weeks": 21,
      },
    ],
    "catchUpSchedule": {
      "assignedIds": [
        "a3",
      ],
      "held": [],
      "weeks": {
        "2026-09-21": [
          {
            "code": "A3",
            "plannedWeek": "2026-06-15",
            "specPointId": "a3",
            "title": "Point a3",
            "topicId": "t1",
            "topicTitle": "Topic t1",
            "weight": 1,
          },
        ],
      },
    },
    "changes": [],
    "completedPointIds": [],
    "coveredTopicIds": [
      "t1",
    ],
    "examDate": "2027-06-07",
    "focusLoad": {
      "backlogCount": 0,
      "backlogWeight": 0,
      "overloaded": false,
      "spine": 0.18867924528301888,
      "teachingWeeksShort": 0,
    },
    "inadmissible": [
      {
        "code": "C1",
        "reason": "ahead-of-spine",
        "specPointId": "c1",
        "title": "Point c1",
        "topicId": "t3",
        "topicTitle": "Topic t3",
      },
    ],
    "needsAck": false,
    "programStart": "2026-06-01",
    "progress": [
      {
        "assessment": {
          "assessable": 0,
          "assessed": 0,
          "state": "unassessable",
          "total": 3,
        },
        "masteryPct": 0,
        "points": [
          {
            "assessability": "assessed",
            "card": null,
            "code": "A1",
            "confidence": null,
            "dueAt": "2026-09-15T09:00:00Z",
            "eligibleAt": "2026-09-15T09:00:00Z",
            "homeworkScore": null,
            "id": "a1",
            "lastReviewedAt": "2026-09-01T09:00:00Z",
            "mastery": 0,
            "quizScore": null,
            "reps": 2,
            "retention": 0.8,
            "stability": null,
            "status": "learning",
            "title": "Point a1",
            "weight": 1,
          },
          {
            "assessability": "assessed",
            "card": null,
            "code": "A2",
            "confidence": null,
            "dueAt": "2026-10-06T09:00:00Z",
            "eligibleAt": "2026-10-06T09:00:00Z",
            "homeworkScore": null,
            "id": "a2",
            "lastReviewedAt": "2026-09-22T09:00:00Z",
            "mastery": 0,
            "quizScore": null,
            "reps": 2,
            "retention": 0.8,
            "stability": null,
            "status": "learning",
            "title": "Point a2",
            "weight": 2,
          },
          {
            "assessability": "unassessable",
            "card": null,
            "code": "A3",
            "confidence": null,
            "dueAt": null,
            "eligibleAt": null,
            "homeworkScore": null,
            "id": "a3",
            "lastReviewedAt": null,
            "mastery": 0,
            "quizScore": null,
            "reps": 0,
            "retention": null,
            "stability": null,
            "status": "new",
            "title": "Point a3",
            "weight": 1,
          },
        ],
        "practisedCount": 2,
        "settled": true,
        "title": "Topic t1",
        "topicId": "t1",
      },
      {
        "assessment": {
          "assessable": 0,
          "assessed": 0,
          "state": "unassessable",
          "total": 2,
        },
        "masteryPct": 0,
        "points": [
          {
            "assessability": "assessed",
            "card": null,
            "code": "B1",
            "confidence": null,
            "dueAt": "2026-09-28T09:00:00Z",
            "eligibleAt": "2026-09-28T09:00:00Z",
            "homeworkScore": null,
            "id": "b1",
            "lastReviewedAt": "2026-09-10T09:00:00Z",
            "mastery": 0,
            "quizScore": null,
            "reps": 2,
            "retention": 0.8,
            "stability": null,
            "status": "learning",
            "title": "Point b1",
            "weight": 1,
          },
          {
            "assessability": "unassessable",
            "card": null,
            "code": "B2",
            "confidence": null,
            "dueAt": null,
            "eligibleAt": null,
            "homeworkScore": null,
            "id": "b2",
            "lastReviewedAt": null,
            "mastery": 0,
            "quizScore": null,
            "reps": 0,
            "retention": null,
            "stability": null,
            "status": "new",
            "title": "Point b2",
            "weight": 1,
          },
        ],
        "practisedCount": 1,
        "settled": false,
        "title": "Topic t2",
        "topicId": "t2",
      },
      {
        "assessment": {
          "assessable": 0,
          "assessed": 0,
          "state": "unassessable",
          "total": 2,
        },
        "masteryPct": 0,
        "points": [
          {
            "assessability": "unassessable",
            "card": null,
            "code": "C1",
            "confidence": null,
            "dueAt": null,
            "eligibleAt": null,
            "homeworkScore": null,
            "id": "c1",
            "lastReviewedAt": null,
            "mastery": 0,
            "quizScore": null,
            "reps": 0,
            "retention": null,
            "stability": null,
            "status": "new",
            "title": "Point c1",
            "weight": 3,
          },
          {
            "assessability": "unassessable",
            "card": null,
            "code": "C2",
            "confidence": null,
            "dueAt": null,
            "eligibleAt": null,
            "homeworkScore": null,
            "id": "c2",
            "lastReviewedAt": null,
            "mastery": 0,
            "quizScore": null,
            "reps": 0,
            "retention": null,
            "stability": null,
            "status": "new",
            "title": "Point c2",
            "weight": 1,
          },
        ],
        "practisedCount": 0,
        "settled": false,
        "title": "Topic t3",
        "topicId": "t3",
      },
    ],
    "reviewBacklog": [],
    "unscheduledTopicTitles": [],
  },
}
`;

exports[`projectOnly: skips the saved-week read but still reserves its catch-up 1`] = `
{
  "io": [
    [
      "getTopicProgress",
      {
        "board": "aqa",
        "level": "gcse",
        "studentId": "student",
        "subject": "biology",
      },
    ],
    [
      "db",
      "GET",
      "student_program_plan",
      "?select=program_start%2Cexam_date%2Cpacing&student_id=eq.student&subject=eq.biology",
    ],
    [
      "getDeliveryLedger",
      [
        "student",
        "biology",
        "2026-09-21",
      ],
    ],
    [
      "getPlan",
      [
        "student",
        "biology",
        "2026-09-21",
      ],
    ],
  ],
  "result": {
    "backlog": [
      {
        "code": "A3",
        "plannedWeek": "2026-06-15",
        "specPointId": "a3",
        "title": "Point a3",
        "topicId": "t1",
        "topicTitle": "Topic t1",
        "weight": 1,
      },
    ],
    "backlogByTopic": [
      {
        "points": [
          {
            "code": "A3",
            "plannedWeek": "2026-06-15",
            "specPointId": "a3",
            "title": "Point a3",
            "topicId": "t1",
            "topicTitle": "Topic t1",
            "weight": 1,
          },
        ],
        "since": "2026-06-15",
        "topicId": "t1",
        "topicTitle": "Topic t1",
        "weight": 1,
      },
    ],
    "bands": [
      {
        "endWeek": "2026-10-19",
        "pointsByWeek": {
          "2026-06-01": [
            {
              "code": "A1",
              "specPointId": "a1",
              "title": "Point a1",
              "weight": 1,
            },
          ],
          "2026-06-08": [
            {
              "code": "A2",
              "specPointId": "a2",
              "title": "Point a2",
              "weight": 2,
            },
          ],
          "2026-06-15": [
            {
              "code": "A3",
              "specPointId": "a3",
              "title": "Point a3",
              "weight": 1,
            },
          ],
        },
        "startWeek": "2026-06-01",
        "title": "Topic t1",
        "topicId": "t1",
        "weeks": 21,
      },
      {
        "endWeek": "2026-09-21",
        "kind": "revisit",
        "points": [
          {
            "code": "A1",
            "dueAt": "2026-09-15T09:00:00Z",
            "eligibleAt": "2026-09-15T09:00:00Z",
            "specPointId": "a1",
            "title": "Point a1",
            "weight": 1,
          },
        ],
        "startWeek": "2026-09-21",
        "title": "Topic t1",
        "topicId": "t1",
        "weeks": 1,
      },
      {
        "endWeek": "2026-10-12",
        "kind": "revisit",
        "points": [
          {
            "code": "A2",
            "dueAt": "2026-10-06T09:00:00Z",
            "eligibleAt": "2026-10-06T09:00:00Z",
            "specPointId": "a2",
            "title": "Point a2",
            "weight": 2,
          },
        ],
        "startWeek": "2026-10-12",
        "title": "Topic t1",
        "topicId": "t1",
        "weeks": 1,
      },
      {
        "endWeek": "2027-01-04",
        "pointsByWeek": {
          "2026-10-26": [
            {
              "code": "B1",
              "specPointId": "b1",
              "title": "Point b1",
              "weight": 1,
            },
          ],
          "2026-11-02": [
            {
              "code": "B2",
              "specPointId": "b2",
              "title": "Point b2",
              "weight": 1,
            },
          ],
        },
        "startWeek": "2026-10-26",
        "title": "Topic t2",
        "topicId": "t2",
        "weeks": 11,
      },
      {
        "endWeek": "2026-10-26",
        "kind": "revisit",
        "points": [
          {
            "code": "B1",
            "dueAt": "2026-09-28T09:00:00Z",
            "eligibleAt": "2026-09-28T09:00:00Z",
            "specPointId": "b1",
            "title": "Point b1",
            "weight": 1,
          },
        ],
        "startWeek": "2026-10-26",
        "title": "Topic t2",
        "topicId": "t2",
        "weeks": 1,
      },
      {
        "endWeek": "2027-05-31",
        "pointsByWeek": {
          "2027-01-11": [
            {
              "code": "C1",
              "specPointId": "c1",
              "title": "Point c1",
              "weight": 3,
            },
          ],
          "2027-01-18": [
            {
              "code": "C2",
              "specPointId": "c2",
              "title": "Point c2",
              "weight": 1,
            },
          ],
        },
        "startWeek": "2027-01-11",
        "title": "Topic t3",
        "topicId": "t3",
        "weeks": 21,
      },
    ],
    "baselineBands": [
      {
        "endWeek": "2026-10-19",
        "startWeek": "2026-06-01",
        "title": "Topic t1",
        "topicId": "t1",
        "weeks": 21,
      },
      {
        "endWeek": "2027-01-04",
        "startWeek": "2026-10-26",
        "title": "Topic t2",
        "topicId": "t2",
        "weeks": 11,
      },
      {
        "endWeek": "2027-05-31",
        "startWeek": "2027-01-11",
        "title": "Topic t3",
        "topicId": "t3",
        "weeks": 21,
      },
    ],
    "catchUpSchedule": {
      "assignedIds": [
        "a3",
      ],
      "held": [],
      "weeks": {
        "2026-09-21": [
          {
            "code": "A3",
            "plannedWeek": "2026-06-15",
            "specPointId": "a3",
            "title": "Point a3",
            "topicId": "t1",
            "topicTitle": "Topic t1",
            "weight": 1,
          },
        ],
      },
    },
    "changes": [],
    "completedPointIds": [],
    "coveredTopicIds": [
      "t1",
    ],
    "examDate": "2027-06-07",
    "focusLoad": {
      "backlogCount": 0,
      "backlogWeight": 0,
      "overloaded": false,
      "spine": 0.18867924528301888,
      "teachingWeeksShort": 0,
    },
    "inadmissible": [],
    "needsAck": false,
    "programStart": "2026-06-01",
    "progress": [
      {
        "assessment": {
          "assessable": 0,
          "assessed": 0,
          "state": "unassessable",
          "total": 3,
        },
        "masteryPct": 0,
        "points": [
          {
            "assessability": "assessed",
            "card": null,
            "code": "A1",
            "confidence": null,
            "dueAt": "2026-09-15T09:00:00Z",
            "eligibleAt": "2026-09-15T09:00:00Z",
            "homeworkScore": null,
            "id": "a1",
            "lastReviewedAt": "2026-09-01T09:00:00Z",
            "mastery": 0,
            "quizScore": null,
            "reps": 2,
            "retention": 0.8,
            "stability": null,
            "status": "learning",
            "title": "Point a1",
            "weight": 1,
          },
          {
            "assessability": "assessed",
            "card": null,
            "code": "A2",
            "confidence": null,
            "dueAt": "2026-10-06T09:00:00Z",
            "eligibleAt": "2026-10-06T09:00:00Z",
            "homeworkScore": null,
            "id": "a2",
            "lastReviewedAt": "2026-09-22T09:00:00Z",
            "mastery": 0,
            "quizScore": null,
            "reps": 2,
            "retention": 0.8,
            "stability": null,
            "status": "learning",
            "title": "Point a2",
            "weight": 2,
          },
          {
            "assessability": "unassessable",
            "card": null,
            "code": "A3",
            "confidence": null,
            "dueAt": null,
            "eligibleAt": null,
            "homeworkScore": null,
            "id": "a3",
            "lastReviewedAt": null,
            "mastery": 0,
            "quizScore": null,
            "reps": 0,
            "retention": null,
            "stability": null,
            "status": "new",
            "title": "Point a3",
            "weight": 1,
          },
        ],
        "practisedCount": 2,
        "settled": true,
        "title": "Topic t1",
        "topicId": "t1",
      },
      {
        "assessment": {
          "assessable": 0,
          "assessed": 0,
          "state": "unassessable",
          "total": 2,
        },
        "masteryPct": 0,
        "points": [
          {
            "assessability": "assessed",
            "card": null,
            "code": "B1",
            "confidence": null,
            "dueAt": "2026-09-28T09:00:00Z",
            "eligibleAt": "2026-09-28T09:00:00Z",
            "homeworkScore": null,
            "id": "b1",
            "lastReviewedAt": "2026-09-10T09:00:00Z",
            "mastery": 0,
            "quizScore": null,
            "reps": 2,
            "retention": 0.8,
            "stability": null,
            "status": "learning",
            "title": "Point b1",
            "weight": 1,
          },
          {
            "assessability": "unassessable",
            "card": null,
            "code": "B2",
            "confidence": null,
            "dueAt": null,
            "eligibleAt": null,
            "homeworkScore": null,
            "id": "b2",
            "lastReviewedAt": null,
            "mastery": 0,
            "quizScore": null,
            "reps": 0,
            "retention": null,
            "stability": null,
            "status": "new",
            "title": "Point b2",
            "weight": 1,
          },
        ],
        "practisedCount": 1,
        "settled": false,
        "title": "Topic t2",
        "topicId": "t2",
      },
      {
        "assessment": {
          "assessable": 0,
          "assessed": 0,
          "state": "unassessable",
          "total": 2,
        },
        "masteryPct": 0,
        "points": [
          {
            "assessability": "unassessable",
            "card": null,
            "code": "C1",
            "confidence": null,
            "dueAt": null,
            "eligibleAt": null,
            "homeworkScore": null,
            "id": "c1",
            "lastReviewedAt": null,
            "mastery": 0,
            "quizScore": null,
            "reps": 0,
            "retention": null,
            "stability": null,
            "status": "new",
            "title": "Point c1",
            "weight": 3,
          },
          {
            "assessability": "unassessable",
            "card": null,
            "code": "C2",
            "confidence": null,
            "dueAt": null,
            "eligibleAt": null,
            "homeworkScore": null,
            "id": "c2",
            "lastReviewedAt": null,
            "mastery": 0,
            "quizScore": null,
            "reps": 0,
            "retention": null,
            "stability": null,
            "status": "new",
            "title": "Point c2",
            "weight": 1,
          },
        ],
        "practisedCount": 0,
        "settled": false,
        "title": "Topic t3",
        "topicId": "t3",
      },
    ],
    "reviewBacklog": [],
    "unscheduledTopicTitles": [],
  },
}
`;

exports[`exam date moved: proposes changes and asks for acknowledgement 1`] = `
{
  "io": [
    [
      "getTopicProgress",
      {
        "board": "aqa",
        "level": "gcse",
        "studentId": "student",
        "subject": "biology",
      },
    ],
    [
      "db",
      "GET",
      "student_program_plan",
      "?select=program_start%2Cexam_date%2Cpacing&student_id=eq.student&subject=eq.biology",
    ],
    [
      "getPlan",
      [
        "student",
        "biology",
        "2026-09-21",
      ],
    ],
    [
      "getDeliveryLedger",
      [
        "student",
        "biology",
        "2026-09-21",
      ],
    ],
  ],
  "result": {
    "backlog": [],
    "backlogByTopic": [],
    "bands": [
      {
        "endWeek": "2026-12-07",
        "pointsByWeek": {
          "2026-09-07": [
            {
              "code": "A1",
              "specPointId": "a1",
              "title": "Point a1",
              "weight": 1,
            },
          ],
          "2026-09-14": [
            {
              "code": "A2",
              "specPointId": "a2",
              "title": "Point a2",
              "weight": 2,
            },
          ],
          "2026-09-21": [
            {
              "code": "A3",
              "specPointId": "a3",
              "title": "Point a3",
              "weight": 1,
            },
          ],
        },
        "startWeek": "2026-09-07",
        "title": "Topic t1",
        "topicId": "t1",
        "weeks": 14,
      },
      {
        "endWeek": "2026-09-21",
        "kind": "revisit",
        "points": [
          {
            "code": "A1",
            "dueAt": "2026-09-15T09:00:00Z",
            "eligibleAt": "2026-09-15T09:00:00Z",
            "specPointId": "a1",
            "title": "Point a1",
            "weight": 1,
          },
        ],
        "startWeek": "2026-09-21",
        "title": "Topic t1",
        "topicId": "t1",
        "weeks": 1,
      },
      {
        "endWeek": "2026-10-12",
        "kind": "revisit",
        "points": [
          {
            "code": "A2",
            "dueAt": "2026-10-06T09:00:00Z",
            "eligibleAt": "2026-10-06T09:00:00Z",
            "specPointId": "a2",
            "title": "Point a2",
            "weight": 2,
          },
        ],
        "startWeek": "2026-10-12",
        "title": "Topic t1",
        "topicId": "t1",
        "weeks": 1,
      },
      {
        "endWeek": "2027-01-25",
        "pointsByWeek": {
          "2026-12-14": [
            {
              "code": "B1",
              "specPointId": "b1",
              "title": "Point b1",
              "weight": 1,
            },
          ],
          "2026-12-21": [
            {
              "code": "B2",
              "specPointId": "b2",
              "title": "Point b2",
              "weight": 1,
            },
          ],
        },
        "startWeek": "2026-12-14",
        "title": "Topic t2",
        "topicId": "t2",
        "weeks": 7,
      },
      {
        "endWeek": "2026-12-28",
        "kind": "revisit",
        "points": [
          {
            "code": "B1",
            "dueAt": "2026-09-28T09:00:00Z",
            "eligibleAt": "2026-09-28T09:00:00Z",
            "specPointId": "b1",
            "title": "Point b1",
            "weight": 1,
          },
        ],
        "startWeek": "2026-12-28",
        "title": "Topic t2",
        "topicId": "t2",
        "weeks": 1,
      },
      {
        "endWeek": "2027-05-03",
        "pointsByWeek": {
          "2027-02-01": [
            {
              "code": "C1",
              "specPointId": "c1",
              "title": "Point c1",
              "weight": 3,
            },
          ],
          "2027-02-08": [
            {
              "code": "C2",
              "specPointId": "c2",
              "title": "Point c2",
              "weight": 1,
            },
          ],
        },
        "startWeek": "2027-02-01",
        "title": "Topic t3",
        "topicId": "t3",
        "weeks": 14,
      },
    ],
    "baselineBands": [
      {
        "endWeek": "2026-12-21",
        "startWeek": "2026-09-07",
        "title": "Topic t1",
        "topicId": "t1",
        "weeks": 16,
      },
      {
        "endWeek": "2027-02-15",
        "startWeek": "2026-12-28",
        "title": "Topic t2",
        "topicId": "t2",
        "weeks": 8,
      },
      {
        "endWeek": "2027-05-31",
        "startWeek": "2027-02-22",
        "title": "Topic t3",
        "topicId": "t3",
        "weeks": 15,
      },
    ],
    "catchUpSchedule": {
      "assignedIds": [],
      "held": [],
      "weeks": {
        "2026-09-21": [],
      },
    },
    "changes": [
      {
        "from": "2026-09-07",
        "fromWeeks": 16,
        "kind": "resized",
        "title": "Topic t1",
        "to": "2026-09-07",
        "topicId": "t1",
        "weeks": 14,
      },
      {
        "from": "2026-12-28",
        "fromWeeks": 8,
        "kind": "moved",
        "title": "Topic t2",
        "to": "2026-12-14",
        "topicId": "t2",
        "weeks": 7,
      },
      {
        "from": "2027-02-22",
        "fromWeeks": 15,
        "kind": "moved",
        "title": "Topic t3",
        "to": "2027-02-01",
        "topicId": "t3",
        "weeks": 14,
      },
    ],
    "completedPointIds": [],
    "coveredTopicIds": [
      "t1",
    ],
    "examDate": "2027-05-10",
    "focusLoad": {
      "backlogCount": 0,
      "backlogWeight": 0,
      "overloaded": false,
      "spine": 0.2857142857142857,
      "teachingWeeksShort": 0,
    },
    "inadmissible": [],
    "needsAck": true,
    "programStart": "2026-09-07",
    "progress": [
      {
        "assessment": {
          "assessable": 0,
          "assessed": 0,
          "state": "unassessable",
          "total": 3,
        },
        "masteryPct": 0,
        "points": [
          {
            "assessability": "assessed",
            "card": null,
            "code": "A1",
            "confidence": null,
            "dueAt": "2026-09-15T09:00:00Z",
            "eligibleAt": "2026-09-15T09:00:00Z",
            "homeworkScore": null,
            "id": "a1",
            "lastReviewedAt": "2026-09-01T09:00:00Z",
            "mastery": 0,
            "quizScore": null,
            "reps": 2,
            "retention": 0.8,
            "stability": null,
            "status": "learning",
            "title": "Point a1",
            "weight": 1,
          },
          {
            "assessability": "assessed",
            "card": null,
            "code": "A2",
            "confidence": null,
            "dueAt": "2026-10-06T09:00:00Z",
            "eligibleAt": "2026-10-06T09:00:00Z",
            "homeworkScore": null,
            "id": "a2",
            "lastReviewedAt": "2026-09-22T09:00:00Z",
            "mastery": 0,
            "quizScore": null,
            "reps": 2,
            "retention": 0.8,
            "stability": null,
            "status": "learning",
            "title": "Point a2",
            "weight": 2,
          },
          {
            "assessability": "unassessable",
            "card": null,
            "code": "A3",
            "confidence": null,
            "dueAt": null,
            "eligibleAt": null,
            "homeworkScore": null,
            "id": "a3",
            "lastReviewedAt": null,
            "mastery": 0,
            "quizScore": null,
            "reps": 0,
            "retention": null,
            "stability": null,
            "status": "new",
            "title": "Point a3",
            "weight": 1,
          },
        ],
        "practisedCount": 2,
        "settled": true,
        "title": "Topic t1",
        "topicId": "t1",
      },
      {
        "assessment": {
          "assessable": 0,
          "assessed": 0,
          "state": "unassessable",
          "total": 2,
        },
        "masteryPct": 0,
        "points": [
          {
            "assessability": "assessed",
            "card": null,
            "code": "B1",
            "confidence": null,
            "dueAt": "2026-09-28T09:00:00Z",
            "eligibleAt": "2026-09-28T09:00:00Z",
            "homeworkScore": null,
            "id": "b1",
            "lastReviewedAt": "2026-09-10T09:00:00Z",
            "mastery": 0,
            "quizScore": null,
            "reps": 2,
            "retention": 0.8,
            "stability": null,
            "status": "learning",
            "title": "Point b1",
            "weight": 1,
          },
          {
            "assessability": "unassessable",
            "card": null,
            "code": "B2",
            "confidence": null,
            "dueAt": null,
            "eligibleAt": null,
            "homeworkScore": null,
            "id": "b2",
            "lastReviewedAt": null,
            "mastery": 0,
            "quizScore": null,
            "reps": 0,
            "retention": null,
            "stability": null,
            "status": "new",
            "title": "Point b2",
            "weight": 1,
          },
        ],
        "practisedCount": 1,
        "settled": false,
        "title": "Topic t2",
        "topicId": "t2",
      },
      {
        "assessment": {
          "assessable": 0,
          "assessed": 0,
          "state": "unassessable",
          "total": 2,
        },
        "masteryPct": 0,
        "points": [
          {
            "assessability": "unassessable",
            "card": null,
            "code": "C1",
            "confidence": null,
            "dueAt": null,
            "eligibleAt": null,
            "homeworkScore": null,
            "id": "c1",
            "lastReviewedAt": null,
            "mastery": 0,
            "quizScore": null,
            "reps": 0,
            "retention": null,
            "stability": null,
            "status": "new",
            "title": "Point c1",
            "weight": 3,
          },
          {
            "assessability": "unassessable",
            "card": null,
            "code": "C2",
            "confidence": null,
            "dueAt": null,
            "eligibleAt": null,
            "homeworkScore": null,
            "id": "c2",
            "lastReviewedAt": null,
            "mastery": 0,
            "quizScore": null,
            "reps": 0,
            "retention": null,
            "stability": null,
            "status": "new",
            "title": "Point c2",
            "weight": 1,
          },
        ],
        "practisedCount": 0,
        "settled": false,
        "title": "Topic t3",
        "topicId": "t3",
      },
    ],
    "reviewBacklog": [],
    "unscheduledTopicTitles": [],
  },
}
`;

exports[`custom topic order is kept as stored 1`] = `
{
  "io": [
    [
      "getTopicProgress",
      {
        "board": "aqa",
        "level": "gcse",
        "studentId": "student",
        "subject": "biology",
      },
    ],
    [
      "db",
      "GET",
      "student_program_plan",
      "?select=program_start%2Cexam_date%2Cpacing&student_id=eq.student&subject=eq.biology",
    ],
    [
      "getPlan",
      [
        "student",
        "biology",
        "2026-09-21",
      ],
    ],
    [
      "getDeliveryLedger",
      [
        "student",
        "biology",
        "2026-09-21",
      ],
    ],
  ],
  "result": {
    "backlog": [],
    "backlogByTopic": [],
    "bands": [
      {
        "endWeek": "2026-09-28",
        "fixedPoints": true,
        "pointsByWeek": {
          "2026-09-07": [
            {
              "code": "A1",
              "specPointId": "a1",
              "title": "Point a1",
              "weight": 1,
            },
          ],
          "2026-09-14": [
            {
              "code": "A2",
              "specPointId": "a2",
              "title": "Point a2",
              "weight": 2,
            },
          ],
          "2026-09-21": [
            {
              "code": "A3",
              "specPointId": "a3",
              "title": "Point a3",
              "weight": 1,
            },
          ],
        },
        "schedule": {
          "examDate": "2027-06-07",
          "from": "2026-10-05",
          "version": 1,
        },
        "startWeek": "2026-09-07",
        "title": "Topic t1",
        "topicId": "t1",
        "weeks": 4,
      },
      {
        "endWeek": "2026-09-21",
        "kind": "revisit",
        "points": [
          {
            "code": "A1",
            "dueAt": "2026-09-15T09:00:00Z",
            "eligibleAt": "2026-09-15T09:00:00Z",
            "specPointId": "a1",
            "title": "Point a1",
            "weight": 1,
          },
        ],
        "startWeek": "2026-09-21",
        "title": "Topic t1",
        "topicId": "t1",
        "weeks": 1,
      },
      {
        "endWeek": "2027-03-08",
        "fixedPoints": true,
        "pointsByWeek": {
          "2026-10-05": [
            {
              "code": "C1",
              "specPointId": "c1",
              "title": "Point c1",
              "weight": 3,
            },
          ],
          "2026-10-12": [
            {
              "code": "C2",
              "specPointId": "c2",
              "title": "Point c2",
              "weight": 1,
            },
          ],
        },
        "reviewStartWeek": "2026-10-05",
        "schedule": {
          "examDate": "2027-06-07",
          "from": "2026-10-05",
          "version": 1,
        },
        "startWeek": "2026-10-05",
        "title": "Topic t3",
        "topicId": "t3",
        "weeks": 23,
      },
      {
        "endWeek": "2026-10-12",
        "kind": "revisit",
        "points": [
          {
            "code": "A2",
            "dueAt": "2026-10-06T09:00:00Z",
            "eligibleAt": "2026-10-06T09:00:00Z",
            "specPointId": "a2",
            "title": "Point a2",
            "weight": 2,
          },
        ],
        "startWeek": "2026-10-12",
        "title": "Topic t1",
        "topicId": "t1",
        "weeks": 1,
      },
      {
        "endWeek": "2026-12-28",
        "kind": "revisit",
        "points": [
          {
            "code": "B1",
            "dueAt": "2026-09-28T09:00:00Z",
            "eligibleAt": "2026-09-28T09:00:00Z",
            "specPointId": "b1",
            "title": "Point b1",
            "weight": 1,
          },
        ],
        "startWeek": "2026-12-28",
        "title": "Topic t2",
        "topicId": "t2",
        "weeks": 1,
      },
      {
        "endWeek": "2027-05-31",
        "fixedPoints": true,
        "pointsByWeek": {
          "2027-03-15": [
            {
              "code": "B1",
              "specPointId": "b1",
              "title": "Point b1",
              "weight": 1,
            },
          ],
          "2027-03-22": [
            {
              "code": "B2",
              "specPointId": "b2",
              "title": "Point b2",
              "weight": 1,
            },
          ],
        },
        "reviewStartWeek": "2026-12-28",
        "schedule": {
          "examDate": "2027-06-07",
          "from": "2026-10-05",
          "version": 1,
        },
        "startWeek": "2027-03-15",
        "title": "Topic t2",
        "topicId": "t2",
        "weeks": 12,
      },
    ],
    "baselineBands": [
      {
        "endWeek": "2026-09-28",
        "fixedPoints": true,
        "pointsByWeek": {
          "2026-09-07": [
            {
              "code": "A1",
              "specPointId": "a1",
              "title": "Point a1",
              "weight": 1,
            },
          ],
          "2026-09-14": [
            {
              "code": "A2",
              "specPointId": "a2",
              "title": "Point a2",
              "weight": 2,
            },
          ],
          "2026-09-21": [
            {
              "code": "A3",
              "specPointId": "a3",
              "title": "Point a3",
              "weight": 1,
            },
          ],
        },
        "schedule": {
          "examDate": "2027-06-07",
          "from": "2026-10-05",
          "version": 1,
        },
        "startWeek": "2026-09-07",
        "title": "Topic t1",
        "topicId": "t1",
        "weeks": 4,
      },
      {
        "endWeek": "2027-03-08",
        "fixedPoints": true,
        "pointsByWeek": {
          "2026-10-05": [
            {
              "code": "C1",
              "specPointId": "c1",
              "title": "Point c1",
              "weight": 3,
            },
          ],
          "2026-10-12": [
            {
              "code": "C2",
              "specPointId": "c2",
              "title": "Point c2",
              "weight": 1,
            },
          ],
        },
        "reviewStartWeek": "2026-10-05",
        "schedule": {
          "examDate": "2027-06-07",
          "from": "2026-10-05",
          "version": 1,
        },
        "startWeek": "2026-10-05",
        "title": "Topic t3",
        "topicId": "t3",
        "weeks": 23,
      },
      {
        "endWeek": "2027-05-31",
        "fixedPoints": true,
        "pointsByWeek": {
          "2027-03-15": [
            {
              "code": "B1",
              "specPointId": "b1",
              "title": "Point b1",
              "weight": 1,
            },
          ],
          "2027-03-22": [
            {
              "code": "B2",
              "specPointId": "b2",
              "title": "Point b2",
              "weight": 1,
            },
          ],
        },
        "reviewStartWeek": "2026-12-28",
        "schedule": {
          "examDate": "2027-06-07",
          "from": "2026-10-05",
          "version": 1,
        },
        "startWeek": "2027-03-15",
        "title": "Topic t2",
        "topicId": "t2",
        "weeks": 12,
      },
    ],
    "catchUpSchedule": {
      "assignedIds": [],
      "held": [],
      "weeks": {
        "2026-09-21": [],
      },
    },
    "changes": [],
    "completedPointIds": [],
    "coveredTopicIds": [
      "t1",
    ],
    "examDate": "2027-06-07",
    "focusLoad": {
      "backlogCount": 0,
      "backlogWeight": 0,
      "overloaded": false,
      "spine": 0.2564102564102564,
      "teachingWeeksShort": 0,
    },
    "inadmissible": [],
    "needsAck": false,
    "programStart": "2026-09-07",
    "progress": [
      {
        "assessment": {
          "assessable": 0,
          "assessed": 0,
          "state": "unassessable",
          "total": 3,
        },
        "masteryPct": 0,
        "points": [
          {
            "assessability": "assessed",
            "card": null,
            "code": "A1",
            "confidence": null,
            "dueAt": "2026-09-15T09:00:00Z",
            "eligibleAt": "2026-09-15T09:00:00Z",
            "homeworkScore": null,
            "id": "a1",
            "lastReviewedAt": "2026-09-01T09:00:00Z",
            "mastery": 0,
            "quizScore": null,
            "reps": 2,
            "retention": 0.8,
            "stability": null,
            "status": "learning",
            "title": "Point a1",
            "weight": 1,
          },
          {
            "assessability": "assessed",
            "card": null,
            "code": "A2",
            "confidence": null,
            "dueAt": "2026-10-06T09:00:00Z",
            "eligibleAt": "2026-10-06T09:00:00Z",
            "homeworkScore": null,
            "id": "a2",
            "lastReviewedAt": "2026-09-22T09:00:00Z",
            "mastery": 0,
            "quizScore": null,
            "reps": 2,
            "retention": 0.8,
            "stability": null,
            "status": "learning",
            "title": "Point a2",
            "weight": 2,
          },
          {
            "assessability": "unassessable",
            "card": null,
            "code": "A3",
            "confidence": null,
            "dueAt": null,
            "eligibleAt": null,
            "homeworkScore": null,
            "id": "a3",
            "lastReviewedAt": null,
            "mastery": 0,
            "quizScore": null,
            "reps": 0,
            "retention": null,
            "stability": null,
            "status": "new",
            "title": "Point a3",
            "weight": 1,
          },
        ],
        "practisedCount": 2,
        "settled": true,
        "title": "Topic t1",
        "topicId": "t1",
      },
      {
        "assessment": {
          "assessable": 0,
          "assessed": 0,
          "state": "unassessable",
          "total": 2,
        },
        "masteryPct": 0,
        "points": [
          {
            "assessability": "assessed",
            "card": null,
            "code": "B1",
            "confidence": null,
            "dueAt": "2026-09-28T09:00:00Z",
            "eligibleAt": "2026-09-28T09:00:00Z",
            "homeworkScore": null,
            "id": "b1",
            "lastReviewedAt": "2026-09-10T09:00:00Z",
            "mastery": 0,
            "quizScore": null,
            "reps": 2,
            "retention": 0.8,
            "stability": null,
            "status": "learning",
            "title": "Point b1",
            "weight": 1,
          },
          {
            "assessability": "unassessable",
            "card": null,
            "code": "B2",
            "confidence": null,
            "dueAt": null,
            "eligibleAt": null,
            "homeworkScore": null,
            "id": "b2",
            "lastReviewedAt": null,
            "mastery": 0,
            "quizScore": null,
            "reps": 0,
            "retention": null,
            "stability": null,
            "status": "new",
            "title": "Point b2",
            "weight": 1,
          },
        ],
        "practisedCount": 1,
        "settled": false,
        "title": "Topic t2",
        "topicId": "t2",
      },
      {
        "assessment": {
          "assessable": 0,
          "assessed": 0,
          "state": "unassessable",
          "total": 2,
        },
        "masteryPct": 0,
        "points": [
          {
            "assessability": "unassessable",
            "card": null,
            "code": "C1",
            "confidence": null,
            "dueAt": null,
            "eligibleAt": null,
            "homeworkScore": null,
            "id": "c1",
            "lastReviewedAt": null,
            "mastery": 0,
            "quizScore": null,
            "reps": 0,
            "retention": null,
            "stability": null,
            "status": "new",
            "title": "Point c1",
            "weight": 3,
          },
          {
            "assessability": "unassessable",
            "card": null,
            "code": "C2",
            "confidence": null,
            "dueAt": null,
            "eligibleAt": null,
            "homeworkScore": null,
            "id": "c2",
            "lastReviewedAt": null,
            "mastery": 0,
            "quizScore": null,
            "reps": 0,
            "retention": null,
            "stability": null,
            "status": "new",
            "title": "Point c2",
            "weight": 1,
          },
        ],
        "practisedCount": 0,
        "settled": false,
        "title": "Topic t3",
        "topicId": "t3",
      },
    ],
    "reviewBacklog": [],
    "unscheduledTopicTitles": [],
  },
}
`;

exports[`custom topic order is re-spread when the exam date has moved 1`] = `
{
  "io": [
    [
      "getTopicProgress",
      {
        "board": "aqa",
        "level": "gcse",
        "studentId": "student",
        "subject": "biology",
      },
    ],
    [
      "db",
      "GET",
      "student_program_plan",
      "?select=program_start%2Cexam_date%2Cpacing&student_id=eq.student&subject=eq.biology",
    ],
    [
      "getPlan",
      [
        "student",
        "biology",
        "2026-09-21",
      ],
    ],
    [
      "getDeliveryLedger",
      [
        "student",
        "biology",
        "2026-09-21",
      ],
    ],
  ],
  "result": {
    "backlog": [],
    "backlogByTopic": [],
    "bands": [
      {
        "endWeek": "2026-09-28",
        "fixedPoints": true,
        "pointsByWeek": {
          "2026-09-07": [
            {
              "code": "A1",
              "specPointId": "a1",
              "title": "Point a1",
              "weight": 1,
            },
          ],
          "2026-09-14": [
            {
              "code": "A2",
              "specPointId": "a2",
              "title": "Point a2",
              "weight": 2,
            },
          ],
          "2026-09-21": [
            {
              "code": "A3",
              "specPointId": "a3",
              "title": "Point a3",
              "weight": 1,
            },
          ],
        },
        "schedule": {
          "examDate": "2027-05-10",
          "from": "2026-10-05",
          "version": 1,
        },
        "startWeek": "2026-09-07",
        "title": "Topic t1",
        "topicId": "t1",
        "weeks": 4,
      },
      {
        "endWeek": "2026-09-21",
        "kind": "revisit",
        "points": [
          {
            "code": "A1",
            "dueAt": "2026-09-15T09:00:00Z",
            "eligibleAt": "2026-09-15T09:00:00Z",
            "specPointId": "a1",
            "title": "Point a1",
            "weight": 1,
          },
        ],
        "startWeek": "2026-09-21",
        "title": "Topic t1",
        "topicId": "t1",
        "weeks": 1,
      },
      {
        "endWeek": "2027-02-22",
        "fixedPoints": true,
        "openedWeek": undefined,
        "pointsByWeek": {
          "2026-10-05": [
            {
              "code": "C1",
              "specPointId": "c1",
              "title": "Point c1",
              "weight": 3,
            },
          ],
          "2026-10-12": [
            {
              "code": "C2",
              "specPointId": "c2",
              "title": "Point c2",
              "weight": 1,
            },
          ],
        },
        "reviewStartWeek": "2026-10-05",
        "schedule": {
          "examDate": "2027-05-10",
          "from": "2026-10-05",
          "version": 1,
        },
        "startWeek": "2026-10-05",
        "title": "Topic t3",
        "topicId": "t3",
        "weeks": 21,
      },
      {
        "endWeek": "2026-10-12",
        "kind": "revisit",
        "points": [
          {
            "code": "A2",
            "dueAt": "2026-10-06T09:00:00Z",
            "eligibleAt": "2026-10-06T09:00:00Z",
            "specPointId": "a2",
            "title": "Point a2",
            "weight": 2,
          },
        ],
        "startWeek": "2026-10-12",
        "title": "Topic t1",
        "topicId": "t1",
        "weeks": 1,
      },
      {
        "endWeek": "2026-12-28",
        "kind": "revisit",
        "points": [
          {
            "code": "B1",
            "dueAt": "2026-09-28T09:00:00Z",
            "eligibleAt": "2026-09-28T09:00:00Z",
            "specPointId": "b1",
            "title": "Point b1",
            "weight": 1,
          },
        ],
        "startWeek": "2026-12-28",
        "title": "Topic t2",
        "topicId": "t2",
        "weeks": 1,
      },
      {
        "endWeek": "2027-05-03",
        "fixedPoints": true,
        "openedWeek": undefined,
        "pointsByWeek": {
          "2027-03-01": [
            {
              "code": "B1",
              "specPointId": "b1",
              "title": "Point b1",
              "weight": 1,
            },
          ],
          "2027-03-08": [
            {
              "code": "B2",
              "specPointId": "b2",
              "title": "Point b2",
              "weight": 1,
            },
          ],
        },
        "reviewStartWeek": "2026-12-28",
        "schedule": {
          "examDate": "2027-05-10",
          "from": "2026-10-05",
          "version": 1,
        },
        "startWeek": "2027-03-01",
        "title": "Topic t2",
        "topicId": "t2",
        "weeks": 10,
      },
    ],
    "baselineBands": [
      {
        "endWeek": "2026-09-28",
        "fixedPoints": true,
        "pointsByWeek": {
          "2026-09-07": [
            {
              "code": "A1",
              "specPointId": "a1",
              "title": "Point a1",
              "weight": 1,
            },
          ],
          "2026-09-14": [
            {
              "code": "A2",
              "specPointId": "a2",
              "title": "Point a2",
              "weight": 2,
            },
          ],
          "2026-09-21": [
            {
              "code": "A3",
              "specPointId": "a3",
              "title": "Point a3",
              "weight": 1,
            },
          ],
        },
        "schedule": {
          "examDate": "2027-06-07",
          "from": "2026-10-05",
          "version": 1,
        },
        "startWeek": "2026-09-07",
        "title": "Topic t1",
        "topicId": "t1",
        "weeks": 4,
      },
      {
        "endWeek": "2027-03-08",
        "fixedPoints": true,
        "pointsByWeek": {
          "2026-10-05": [
            {
              "code": "C1",
              "specPointId": "c1",
              "title": "Point c1",
              "weight": 3,
            },
          ],
          "2026-10-12": [
            {
              "code": "C2",
              "specPointId": "c2",
              "title": "Point c2",
              "weight": 1,
            },
          ],
        },
        "reviewStartWeek": "2026-10-05",
        "schedule": {
          "examDate": "2027-06-07",
          "from": "2026-10-05",
          "version": 1,
        },
        "startWeek": "2026-10-05",
        "title": "Topic t3",
        "topicId": "t3",
        "weeks": 23,
      },
      {
        "endWeek": "2027-05-31",
        "fixedPoints": true,
        "pointsByWeek": {
          "2027-03-15": [
            {
              "code": "B1",
              "specPointId": "b1",
              "title": "Point b1",
              "weight": 1,
            },
          ],
          "2027-03-22": [
            {
              "code": "B2",
              "specPointId": "b2",
              "title": "Point b2",
              "weight": 1,
            },
          ],
        },
        "reviewStartWeek": "2026-12-28",
        "schedule": {
          "examDate": "2027-06-07",
          "from": "2026-10-05",
          "version": 1,
        },
        "startWeek": "2027-03-15",
        "title": "Topic t2",
        "topicId": "t2",
        "weeks": 12,
      },
    ],
    "catchUpSchedule": {
      "assignedIds": [],
      "held": [],
      "weeks": {
        "2026-09-21": [],
      },
    },
    "changes": [
      {
        "from": "2026-10-05",
        "fromWeeks": 23,
        "kind": "resized",
        "title": "Topic t3",
        "to": "2026-10-05",
        "topicId": "t3",
        "weeks": 21,
      },
      {
        "from": "2027-03-15",
        "fromWeeks": 12,
        "kind": "moved",
        "title": "Topic t2",
        "to": "2027-03-01",
        "topicId": "t2",
        "weeks": 10,
      },
    ],
    "completedPointIds": [],
    "coveredTopicIds": [
      "t1",
    ],
    "examDate": "2027-05-10",
    "focusLoad": {
      "backlogCount": 0,
      "backlogWeight": 0,
      "overloaded": false,
      "spine": 0.2857142857142857,
      "teachingWeeksShort": 0,
    },
    "inadmissible": [],
    "needsAck": true,
    "programStart": "2026-09-07",
    "progress": [
      {
        "assessment": {
          "assessable": 0,
          "assessed": 0,
          "state": "unassessable",
          "total": 3,
        },
        "masteryPct": 0,
        "points": [
          {
            "assessability": "assessed",
            "card": null,
            "code": "A1",
            "confidence": null,
            "dueAt": "2026-09-15T09:00:00Z",
            "eligibleAt": "2026-09-15T09:00:00Z",
            "homeworkScore": null,
            "id": "a1",
            "lastReviewedAt": "2026-09-01T09:00:00Z",
            "mastery": 0,
            "quizScore": null,
            "reps": 2,
            "retention": 0.8,
            "stability": null,
            "status": "learning",
            "title": "Point a1",
            "weight": 1,
          },
          {
            "assessability": "assessed",
            "card": null,
            "code": "A2",
            "confidence": null,
            "dueAt": "2026-10-06T09:00:00Z",
            "eligibleAt": "2026-10-06T09:00:00Z",
            "homeworkScore": null,
            "id": "a2",
            "lastReviewedAt": "2026-09-22T09:00:00Z",
            "mastery": 0,
            "quizScore": null,
            "reps": 2,
            "retention": 0.8,
            "stability": null,
            "status": "learning",
            "title": "Point a2",
            "weight": 2,
          },
          {
            "assessability": "unassessable",
            "card": null,
            "code": "A3",
            "confidence": null,
            "dueAt": null,
            "eligibleAt": null,
            "homeworkScore": null,
            "id": "a3",
            "lastReviewedAt": null,
            "mastery": 0,
            "quizScore": null,
            "reps": 0,
            "retention": null,
            "stability": null,
            "status": "new",
            "title": "Point a3",
            "weight": 1,
          },
        ],
        "practisedCount": 2,
        "settled": true,
        "title": "Topic t1",
        "topicId": "t1",
      },
      {
        "assessment": {
          "assessable": 0,
          "assessed": 0,
          "state": "unassessable",
          "total": 2,
        },
        "masteryPct": 0,
        "points": [
          {
            "assessability": "assessed",
            "card": null,
            "code": "B1",
            "confidence": null,
            "dueAt": "2026-09-28T09:00:00Z",
            "eligibleAt": "2026-09-28T09:00:00Z",
            "homeworkScore": null,
            "id": "b1",
            "lastReviewedAt": "2026-09-10T09:00:00Z",
            "mastery": 0,
            "quizScore": null,
            "reps": 2,
            "retention": 0.8,
            "stability": null,
            "status": "learning",
            "title": "Point b1",
            "weight": 1,
          },
          {
            "assessability": "unassessable",
            "card": null,
            "code": "B2",
            "confidence": null,
            "dueAt": null,
            "eligibleAt": null,
            "homeworkScore": null,
            "id": "b2",
            "lastReviewedAt": null,
            "mastery": 0,
            "quizScore": null,
            "reps": 0,
            "retention": null,
            "stability": null,
            "status": "new",
            "title": "Point b2",
            "weight": 1,
          },
        ],
        "practisedCount": 1,
        "settled": false,
        "title": "Topic t2",
        "topicId": "t2",
      },
      {
        "assessment": {
          "assessable": 0,
          "assessed": 0,
          "state": "unassessable",
          "total": 2,
        },
        "masteryPct": 0,
        "points": [
          {
            "assessability": "unassessable",
            "card": null,
            "code": "C1",
            "confidence": null,
            "dueAt": null,
            "eligibleAt": null,
            "homeworkScore": null,
            "id": "c1",
            "lastReviewedAt": null,
            "mastery": 0,
            "quizScore": null,
            "reps": 0,
            "retention": null,
            "stability": null,
            "status": "new",
            "title": "Point c1",
            "weight": 3,
          },
          {
            "assessability": "unassessable",
            "card": null,
            "code": "C2",
            "confidence": null,
            "dueAt": null,
            "eligibleAt": null,
            "homeworkScore": null,
            "id": "c2",
            "lastReviewedAt": null,
            "mastery": 0,
            "quizScore": null,
            "reps": 0,
            "retention": null,
            "stability": null,
            "status": "new",
            "title": "Point c2",
            "weight": 1,
          },
        ],
        "practisedCount": 0,
        "settled": false,
        "title": "Topic t3",
        "topicId": "t3",
      },
    ],
    "reviewBacklog": [],
    "unscheduledTopicTitles": [],
  },
}
`;

exports[`caller-supplied progress is used instead of reading it 1`] = `
{
  "io": [
    [
      "db",
      "GET",
      "student_program_plan",
      "?select=program_start%2Cexam_date%2Cpacing&student_id=eq.student&subject=eq.biology",
    ],
    [
      "getPlan",
      [
        "student",
        "biology",
        "2026-09-21",
      ],
    ],
    [
      "getDeliveryLedger",
      [
        "student",
        "biology",
        "2026-09-21",
      ],
    ],
  ],
  "result": {
    "backlog": [],
    "backlogByTopic": [],
    "bands": [
      {
        "endWeek": "2027-03-01",
        "pointsByWeek": {
          "2026-09-07": [
            {
              "code": "A1",
              "specPointId": "a1",
              "title": "Point a1",
              "weight": 1,
            },
          ],
          "2026-09-14": [
            {
              "code": "A2",
              "specPointId": "a2",
              "title": "Point a2",
              "weight": 2,
            },
          ],
          "2026-09-21": [
            {
              "code": "A3",
              "specPointId": "a3",
              "title": "Point a3",
              "weight": 1,
            },
          ],
        },
        "startWeek": "2026-09-07",
        "title": "Topic t1",
        "topicId": "t1",
        "weeks": 26,
      },
      {
        "endWeek": "2026-09-21",
        "kind": "revisit",
        "points": [
          {
            "code": "A1",
            "dueAt": "2026-09-15T09:00:00Z",
            "eligibleAt": "2026-09-15T09:00:00Z",
            "specPointId": "a1",
            "title": "Point a1",
            "weight": 1,
          },
        ],
        "startWeek": "2026-09-21",
        "title": "Topic t1",
        "topicId": "t1",
        "weeks": 1,
      },
      {
        "endWeek": "2026-10-12",
        "kind": "revisit",
        "points": [
          {
            "code": "A2",
            "dueAt": "2026-10-06T09:00:00Z",
            "eligibleAt": "2026-10-06T09:00:00Z",
            "specPointId": "a2",
            "title": "Point a2",
            "weight": 2,
          },
        ],
        "startWeek": "2026-10-12",
        "title": "Topic t1",
        "topicId": "t1",
        "weeks": 1,
      },
      {
        "endWeek": "2026-12-28",
        "kind": "revisit",
        "points": [
          {
            "code": "B1",
            "dueAt": "2026-09-28T09:00:00Z",
            "eligibleAt": "2026-09-28T09:00:00Z",
            "specPointId": "b1",
            "title": "Point b1",
            "weight": 1,
          },
        ],
        "startWeek": "2026-12-28",
        "title": "Topic t2",
        "topicId": "t2",
        "weeks": 1,
      },
      {
        "endWeek": "2027-05-31",
        "pointsByWeek": {
          "2027-03-08": [
            {
              "code": "B1",
              "specPointId": "b1",
              "title": "Point b1",
              "weight": 1,
            },
          ],
          "2027-03-15": [
            {
              "code": "B2",
              "specPointId": "b2",
              "title": "Point b2",
              "weight": 1,
            },
          ],
        },
        "startWeek": "2027-03-08",
        "title": "Topic t2",
        "topicId": "t2",
        "weeks": 13,
      },
    ],
    "baselineBands": [
      {
        "endWeek": "2026-12-21",
        "startWeek": "2026-09-07",
        "title": "Topic t1",
        "topicId": "t1",
        "weeks": 16,
      },
      {
        "endWeek": "2027-02-15",
        "startWeek": "2026-12-28",
        "title": "Topic t2",
        "topicId": "t2",
        "weeks": 8,
      },
      {
        "endWeek": "2027-05-31",
        "startWeek": "2027-02-22",
        "title": "Topic t3",
        "topicId": "t3",
        "weeks": 15,
      },
    ],
    "catchUpSchedule": {
      "assignedIds": [],
      "held": [],
      "weeks": {
        "2026-09-21": [],
      },
    },
    "changes": [
      {
        "from": "2026-09-07",
        "fromWeeks": 16,
        "kind": "resized",
        "title": "Topic t1",
        "to": "2026-09-07",
        "topicId": "t1",
        "weeks": 26,
      },
      {
        "from": "2026-12-28",
        "fromWeeks": 8,
        "kind": "moved",
        "title": "Topic t2",
        "to": "2027-03-08",
        "topicId": "t2",
        "weeks": 13,
      },
    ],
    "completedPointIds": [],
    "coveredTopicIds": [
      "t1",
    ],
    "examDate": "2027-06-07",
    "focusLoad": {
      "backlogCount": 0,
      "backlogWeight": 0,
      "overloaded": false,
      "spine": 0.15384615384615385,
      "teachingWeeksShort": 0,
    },
    "inadmissible": [],
    "needsAck": true,
    "programStart": "2026-09-07",
    "progress": [
      {
        "assessment": {
          "assessable": 0,
          "assessed": 0,
          "state": "unassessable",
          "total": 3,
        },
        "masteryPct": 0,
        "points": [
          {
            "assessability": "assessed",
            "card": null,
            "code": "A1",
            "confidence": null,
            "dueAt": "2026-09-15T09:00:00Z",
            "eligibleAt": "2026-09-15T09:00:00Z",
            "homeworkScore": null,
            "id": "a1",
            "lastReviewedAt": "2026-09-01T09:00:00Z",
            "mastery": 0,
            "quizScore": null,
            "reps": 2,
            "retention": 0.8,
            "stability": null,
            "status": "learning",
            "title": "Point a1",
            "weight": 1,
          },
          {
            "assessability": "assessed",
            "card": null,
            "code": "A2",
            "confidence": null,
            "dueAt": "2026-10-06T09:00:00Z",
            "eligibleAt": "2026-10-06T09:00:00Z",
            "homeworkScore": null,
            "id": "a2",
            "lastReviewedAt": "2026-09-22T09:00:00Z",
            "mastery": 0,
            "quizScore": null,
            "reps": 2,
            "retention": 0.8,
            "stability": null,
            "status": "learning",
            "title": "Point a2",
            "weight": 2,
          },
          {
            "assessability": "unassessable",
            "card": null,
            "code": "A3",
            "confidence": null,
            "dueAt": null,
            "eligibleAt": null,
            "homeworkScore": null,
            "id": "a3",
            "lastReviewedAt": null,
            "mastery": 0,
            "quizScore": null,
            "reps": 0,
            "retention": null,
            "stability": null,
            "status": "new",
            "title": "Point a3",
            "weight": 1,
          },
        ],
        "practisedCount": 2,
        "settled": true,
        "title": "Topic t1",
        "topicId": "t1",
      },
      {
        "assessment": {
          "assessable": 0,
          "assessed": 0,
          "state": "unassessable",
          "total": 2,
        },
        "masteryPct": 0,
        "points": [
          {
            "assessability": "assessed",
            "card": null,
            "code": "B1",
            "confidence": null,
            "dueAt": "2026-09-28T09:00:00Z",
            "eligibleAt": "2026-09-28T09:00:00Z",
            "homeworkScore": null,
            "id": "b1",
            "lastReviewedAt": "2026-09-10T09:00:00Z",
            "mastery": 0,
            "quizScore": null,
            "reps": 2,
            "retention": 0.8,
            "stability": null,
            "status": "learning",
            "title": "Point b1",
            "weight": 1,
          },
          {
            "assessability": "unassessable",
            "card": null,
            "code": "B2",
            "confidence": null,
            "dueAt": null,
            "eligibleAt": null,
            "homeworkScore": null,
            "id": "b2",
            "lastReviewedAt": null,
            "mastery": 0,
            "quizScore": null,
            "reps": 0,
            "retention": null,
            "stability": null,
            "status": "new",
            "title": "Point b2",
            "weight": 1,
          },
        ],
        "practisedCount": 1,
        "settled": false,
        "title": "Topic t2",
        "topicId": "t2",
      },
    ],
    "reviewBacklog": [],
    "unscheduledTopicTitles": [],
  },
}
`;

exports[`a failed baseline read throws rather than posing as a first view 1`] = `
[
  [
    "getTopicProgress",
    {
      "board": "aqa",
      "level": "gcse",
      "studentId": "student",
      "subject": "biology",
    },
  ],
  [
    "db",
    "GET",
    "student_program_plan",
    "?select=program_start%2Cexam_date%2Cpacing&student_id=eq.student&subject=eq.biology",
  ],
]
`;
